zad. 1. Kopiowanie zawartości /etc/passwd do tekst1
bieniu@DESKTOP-BPJBSKP:~$ cp -v /etc/passwd tekst1
'/etc/passwd' -> 'tekst1'

zad. 2. Kopiowanie dzisiejsza date do tekst2, kopiowanie zawartości tekst1 do tekst3 oraz wpisanie z klawiatury do tekst3
bieniu@DESKTOP-BPJBSKP:~$ date > tekst2
bieniu@DESKTOP-BPJBSKP:~$ cat tekst1 > tekst3
bieniu@DESKTOP-BPJBSKP:~$ cat <<EOF>> tekst3
> dasdfaf
> dasfafsa
> EOF

zad. 3. wyświetlanie pierwszych 5 lini (-n 5 (0n linie)) pliku zaczynające się na tekst* bez nazwy tego pliku (-q nie wypisuje nagłówka pliku)
bieniu@DESKTOP-BPJBSKP:~$ head -n 5 -q tekst*
root:x:0:0:root:/root:/bin/bash
daemon:x:1:1:daemon:/usr/sbin:/usr/sbin/nologin
bin:x:2:2:bin:/bin:/usr/sbin/nologin
sys:x:3:3:sys:/dev:/usr/sbin/nologin
sync:x:4:65534:sync:/bin:/bin/sync
Wed Nov 10 12:05:12 CET 2021
root:x:0:0:root:/root:/bin/bash
daemon:x:1:1:daemon:/usr/sbin:/usr/sbin/nologin
bin:x:2:2:bin:/bin:/usr/sbin/nologin
sys:x:3:3:sys:/dev:/usr/sbin/nologin
sync:x:4:65534:sync:/bin:/bin/sync

zad. 4. wyświetlanie 3 ostatnich linii (tail -n 3) z 5 pierwszych z pliku /etc/passwd
bieniu@DESKTOP-BPJBSKP:~$ head -n 5 /etc/passwd | tail -n 3
bin:x:2:2:bin:/bin:/usr/sbin/nologin
sys:x:3:3:sys:/dev:/usr/sbin/nologin
sync:x:4:65534:sync:/bin:/bin/sync

zad. 5. wyświetlanie 3 pierwszych linii z 7 ostatnich linii pliku /etc/passwd.
bieniu@DESKTOP-BPJBSKP:~$ tail -n 7 /etc/passwd | head -3
uuidd:x:107:112::/run/uuidd:/usr/sbin/nologin
tcpdump:x:108:113::/nonexistent:/usr/sbin/nologin
sshd:x:109:65534::/run/sshd:/usr/sbin/nologin

zad. 6. Wzięcie danych (cat) /etc/passwd i usuniecie z nich ‘\n’ i wyświetlenie tego
bieniu@DESKTOP-BPJBSKP:~$ cat /etc/passwd |tr -d '\n'
root:x:0:0:root:/root:/bin/bashdaemon:x:1:1:daemon:/usr/sbin:/usr/sbin/n ...

zad. 7. zastępowanie każdej przerwy ‘ ‘ -> ‘\n’ i wyświetlenie tego
bieniu@DESKTOP-BPJBSKP:~$ cat tekst3 |tr ' ' '\n'	

zad. 8. zaliczanie plików po przez wyszukania wszystkich plików w katalogu i następnie zliczanie (wc) nowych linii (-l).
bieniu@DESKTOP-BPJBSKP:~$ find /etc -type f | wc -l
find: ‘/etc/polkit-1/localauthority’: Permission denied
find: ‘/etc/ssl/private’: Permission denied
713

zad. 9. Suma znakow w 3 pierwszych liniachz /etc/passwd (cat), wyseparowanie 3 pierwszych linii (head -n 3) i następnie zliczenie znakow (wc -c) 
bieniu@DESKTOP-BPJBSKP:~$ cat /etc/passwd | head -n 3| wc -c
117

zad. 10. wyświetlanie listy plikow, a następnie zamiania małych liter [:lower:] na duże [:upper:], 
bieniu@DESKTOP-BPJBSKP:~$ ls -f | tr [:lower:] [:upper:]
TEKST1
.LANDSCAPE
.SUDO_AS_ADMIN_SUCCESSFUL
.BASH_HISTORY
.MOTD_SHOWN
.CONFIG
TEKST2
.PROFILE
TEKST3
.BASH_LOGOUT
.VIMINFO
.BASHRC
..
.

zad. 11. wyszukanie w aktualnym katalogu plikow, a następnie wypisanie (formated print(-printf)) %f (plik), %M (prawa dostepu), %s (rozmiar), 
bieniu@DESKTOP-BPJBSKP:~$ find -printf "Plik: %f Prawa: %M Rozmiar: %s \n"
Plik: . Prawa: drwxr-xr-x Rozmiar: 4096
Plik: tekst1 Prawa: -rw-r--r-- Rozmiar: 1683
Plik: .landscape Prawa: drwxr-xr-x Rozmiar: 4096
Plik: sysinfo.log Prawa: -rw-r--r-- Rozmiar: 0
Plik: .sudo_as_admin_successful Prawa: -rw-r--r-- Rozmiar: 0
Plik: .bash_history Prawa: -rw------- Rozmiar: 1259
Plik: .motd_shown Prawa: -rw-r--r-- Rozmiar: 0
Plik: .config Prawa: drwx------ Rozmiar: 4096
Plik: procps Prawa: drwx------ Rozmiar: 4096
Plik: tekst2 Prawa: -rw-r--r-- Rozmiar: 29
Plik: .profile Prawa: -rw-r--r-- Rozmiar: 807
Plik: tekst3 Prawa: -rw-r--r-- Rozmiar: 1695
Plik: .bash_logout Prawa: -rw-r--r-- Rozmiar: 220
Plik: .viminfo Prawa: -rw------- Rozmiar: 724
Plik: .bashrc Prawa: -rw-r--r-- Rozmiar: 3771

zad. 12. wyswietlnie listy plikow sortowanie po nazwie tr -s ‘ ’(zastepywanie ciągu (-s) znakow (‘ ’)  jednym tym znakiem ),wyciecie cigow znakow (cut) wydzielone separatorem (-d ‘ ’) na 5 i 9 (-f5,9) miejscu i przkazanie dalej od posortowania (sort) na podstawie liczb (-n)
bieniu@DESKTOP-BPJBSKP:~$ ls -l | tr -s ' ' |cut -d ' ' -f5,9 |sort -n

29 tekst2
1683 tekst1
1695 tekst3

zad. 13. Pobranie zawartości pliku (cat) i posortowanie go według liczby znajdującej się po 2 delimiterze (-t: (dwukropek jest delimiterem)), 
bieniu@DESKTOP-BPJBSKP:~$ cat /etc/passwd | sort -t: +2 -nr
nobody:x:65534:65534:nobody:/nonexistent:/usr/sbin/nologin
user1:x:1001:1001:,,,:/home/user1:/bin/bash
bieniu:x:1000:1000:,,,:/home/bieniu:/bin/bash
pollinate:x:111:1::/var/cache/pollinate:/bin/false
landscape:x:110:115::/var/lib/landscape:/usr/sbin/nologin
sshd:x:109:65534::/run/sshd:/usr/sbin/nologin

zad. 14. Pobranie zawartości pliku (cat) i sortowanie wpierw na podstawie GID wartosic 4 komurki (-k4) oddzielonej delimiterem (-t:), a następnie według UID (-k3).
bieniu@DESKTOP-BPJBSKP:~$ cat /etc/passwd | sort -t: -k4 -k3 -nr
nobody:x:65534:65534:nobody:/nonexistent:/usr/sbin/nologin
sshd:x:109:65534::/run/sshd:/usr/sbin/nologin
_apt:x:105:65534::/nonexistent:/usr/sbin/nologin
sync:x:4:65534:sync:/bin:/bin/sync
user1:x:1001:1001:,,,:/home/user1:/bin/bash

zad. 15. Wyszukiwanie plików (-type f) w katalogu domowym użytkownika i zliczanie linii gdyż będą wyświetlanie jeden po drugim (wc - l)
bieniu@DESKTOP-BPJBSKP:~$ find /home/bieniu/ -user bieniu -type f | wc -l
11

zad. 16. wypsanie listy plkow następnie ustawienie ‘ ’ jako delimiter (-d ‘ ’)wycięcie pozycji 1 (licząc od zera) , posortowanie, usuniecie powtarzających się linii, które są jedna pod druga (uniq) i zliczenie ich (-c) i posortowanie ich ponownie, 
bieniu@DESKTOP-BPJBSKP:~$ ls -al | cut -d ' ' -f1 | sort | uniq -c | sort
1 drwx------
1 total
2 -rw-------
3 drwxr-xr-x
8 -rw-r--r—

zad. 17. wypisanie listy, usuniecie ciągów tych samych znaków (tr -s ) sortowanie według rozmiaru, usuniecie pierwszej linii pod nazwa nie zaczynająca się na ‘-’, usuniecie wszystkich linii poza pierwszymi 3 (head -n 3), posortowanie po nazwie
bieniu@DESKTOP-BPJBSKP:~$ ls -al | tr -s " " | sort -t' ' -k5 -n| grep ^- | head -n 3 | sort -t' ' -k9
-rw-r--r-- 1 bieniu bieniu 0 Nov 10 10:47 .motd_shown
-rw-r--r-- 1 bieniu bieniu 0 Oct 15 20:16 .sudo_as_admin_successful
-rw-r--r-- 1 bieniu bieniu 29 Nov 10 12:05 tekst2

zad. 18. wypisanie wszystkich procesow (ps axu), wycięcie wszystkiego poza pierwszym, posortowanie, usuniecie powtarzających się jeden po drugim (uniq) i zlicznie ich (-c) posortowanie od największego, wypisanie tylko 3 pierwszych (head -n 3),
bieniu@DESKTOP-BPJBSKP:~$ ps axu | cut -d " " -f1 | sort | uniq -c | sort -nr | head -n 3
9 bieniu
3 root
1 USER

zad. 19. Pobranie listy zużyci przestrzeni dyskowej przez pliki (du), posortowanie jej według rozmiaru(sort -nr) wyciagnięcie 3 pierwszych (head -n 3), wycięcie tylko 2 pozycji (cut -f2) i wykonanie dla niej polecenia ls (xargs), 
bieniu@DESKTOP-BPJBSKP:~$ du ./ | sort -nr | head -n 3 | cut -f2 | xargs ls
./:
tekst1  tekst2  tekst3

./.config:
procps

./.landscape:
sysinfo.log

zad. 20. pobranie listy logowan do systemu (passwd) | wycięcie z niej (cut) 1 i 7 pozycji (-f1,7) na podstawie delimitera ‘:’ (-d:), wyciagniecie tylko tych linii które nie zawierają /bash w swojej nazwie, wyciagniecie samych nazw użytkownika (cut -d: -f1)
bieniu@DESKTOP-BPJBSKP:~$ cat /etc/passwd | cut -d : -f 1,7 | grep -v /bash | cut -d : -f1
daemon
bin
sys
sync
games
man
lp
mail
news
uucp
proxy
www-data
backup
list
irc
gnats
nobody
systemd-network
systemd-resolve
systemd-timesync
messagebus
syslog
_apt
tss
uuidd
tcpdump
sshd
landscape
pollinate

zad. 21. wypisanie historii wpisywanych polecen(history), zciagniecie ciagow tych samych znakow do jednego (tr -s ‘ ’), wyciagnicie tylko 3 pozycji (cut -d ‘ ’ -f3), posortowanie tego zlicznie powtarzających się linii i posortowanie według  tego.
bieniu@DESKTOP-BPJBSKP:~$ history | tr -s ' ' | cut -d ' ' -f3 | sort | uniq -c | sort -nr
    46 ls
    36 man
    35 ps
    18 cat
    17 du
    13 history ...

zad. 22. Pobranie listy plików i katalogów, wyciagnięcie z nich tylko gdzie lina zaczyna się na d (grep ^d), ściągniecie ciągów tych samych znaków do jednego znaku, wyciagnięcie 9 pozycji z linii (cut -d ‘ ’ -f9) i przerzucenie do pliku users.txt (... > users.txt).
bieniu@DESKTOP-BPJBSKP:~$ ls -l | grep ^d | tr -s ‘ ‘ | cut -d ‘ ‘ -f9 > users.txt
bieniu@DESKTOP-BPJBSKP:~$ cat users.txt
aa
bb
cc

zad. 23. wypisanie listy zalogowanych użytkowników, zastąpienie ciągów znaków jednym(tr -s ‘ ’) wyciagnięcie tylko 1 i 2 pozycji (cut -d " " -f1,2) i zliczenie ich (uniq -c)
bieniu@DESKTOP-BPJBSKP:~$ find /usr/include -type f -name ‘*.h’ -exec grep ‘^#include’ {} \;
#include <inttypes.h>
#include <stdint.h>
#include <stdarg.h>
#include <asm/types.h>
#include <stdint.h>


zad. 24. znalezienie plikow (-type f) o nazwie kanczcej się na ‘.h’ (-name ‘.h’) i wykanane dla znalezionych plikow polecenie (-exec)wyciagniecia z nichlini co zawierających  ‘#include’ ({} oznacz gdzie zostaną wpisane znalezione pliki do polecenia, trzeba zakanczyc ‘\;’)
bieniu@DESKTOP-BPJBSKP:~$ find /usr/include -type f -name ‘*.h’ -exec grep ‘^#include’ {} \;
#include <inttypes.h>
#include <stdint.h>
#include <stdarg.h>
#include <asm/types.h>
#include <stdint.h>

zad. 25. ustawienie piorytedu dalszego polecenia na najniższy (nice -n19) wyszukanie plikow zawierających w sobie ‘user’ w całym systemie (find / - type f -name ‘*user*’),  przekerowanie ich do ‘wyniki.txt’ (... > wyniki.txt) a błędy do ‘/dev/null ‘ (bledy to kanal 2, 2 > /dev/null) i uruchopmic w tle (zakończyć polecenie &). 
bieniu@DESKTOP-BPJBSKP:~$ nice -n19 find / -type f -name "*user*" > wyniki.txt 2> /dev/null &
bieniu@DESKTOP-BPJBSKP:~$ cat wyniki.txt
/home/bieniu/users.txt
/etc/systemd/user.conf
/etc/apparmor.d/tunables/xdg-user-dirs
/etc/apparmor.d/abstractions/user-write
/etc/apparmor.d/abstractions/user-mail
/etc/apparmor.d/abstractions/ubuntu-browsers.d/user-files
/etc/apparmor.d/abstractions/user-manpages
/etc/apparmor.d/abstractions/user-download
/etc/apparmor.d/abstractions/user-tmp
...

